---
source: aml-syntax/src/expressions/tests.rs
expression: parse(input)
---
Binary:
  lhs:
    Primitive:
      value:
        Int: 1
      location:
        start_byte: 0
        end_byte: 1
      original: "1"
  rhs:
    Error:
      token:
        Operator: Plus
      location:
        start_byte: 4
        end_byte: 5
      original: +
  op: Plus
  location:
    start_byte: 0
    end_byte: 5
  original: 1 + +
