---
source: aml-syntax/src/expressions/tests.rs
expression: parse(input)
---
ArrayIndex:
  lhs:
    Ident:
      value: map
      location:
        start_byte: 0
        end_byte: 3
  index:
    String:
      value: "'key'"
      location:
        start_byte: 4
        end_byte: 9
  location:
    start_byte: 0
    end_byte: 10
  original: "map['key']"
