---
source: aml-syntax/src/expressions/tests.rs
expression: parse(input)
---
Error:
  token:
    Operator: Mul
  location:
    start_byte: 0
    end_byte: 1
  original: "*"
