---
source: aml-syntax/src/expressions/tests.rs
expression: parse(input)
---
List:
  items:
    - Primitive:
        value:
          Int: 1
        location:
          start_byte: 1
          end_byte: 2
        original: "1"
    - Primitive:
        value:
          Int: 2
        location:
          start_byte: 4
          end_byte: 5
        original: "2"
    - Primitive:
        value:
          Int: 3
        location:
          start_byte: 7
          end_byte: 8
        original: "3"
    - Error:
        token: Eof
        location:
          start_byte: 7
          end_byte: 8
        original: "3"
  location:
    start_byte: 0
    end_byte: 8
  original: "[1, 2, 3"
