---
source: aml-syntax/src/expressions/tests.rs
expression: parse(input)
---
Binary:
  lhs:
    Primitive:
      value:
        Int: 1
      location:
        start_byte: 0
        end_byte: 1
      original: "1"
  rhs:
    Primitive:
      value:
        Int: 2
      location:
        start_byte: 5
        end_byte: 6
      original: "2"
  op: EqualEqual
  location:
    start_byte: 0
    end_byte: 6
  original: 1 == 2
