---
source: aml-syntax/src/expressions/tests.rs
expression: parse(input)
---
Call:
  fun:
    Ident:
      value: f
      location:
        start_byte: 0
        end_byte: 1
  args: []
  location:
    start_byte: 0
    end_byte: 3
  original: f()
