---
source: aml-syntax/src/parser/tests.rs
assertion_line: 83
expression: ast
---
nodes:
  - Container:
      kind: VStack
      children:
        - Text:
            values:
              - String:
                  value: "\"Hello\""
                  location:
                    start_byte: 17
                    end_byte: 24
            attributes: []
            children: []
            text: "text \"Hello\""
            location:
              start_byte: 12
              end_byte: 24
            keyword:
              start_byte: 12
              end_byte: 16
      location:
        start_byte: 1
        end_byte: 24
      attributes: []
      original: "vstack\n    text \"Hello\""
      keyword:
        start_byte: 1
        end_byte: 7
variables: {}
scopes:
  - variables: []
    parent: ~
  - variables: []
    parent: 0
